[fast.ay9.dev/index.html]
[backblue.gif]
[fade.gif]
[index.html]
[fast.ay9.dev/styles.css]
[fast.ay9.dev/cards.css]
[cdnjs.cloudflare.com/ajax/libs/font-awesome/6.0.0/css/all.min.css]
[www.gstatic.com/firebasejs/3.6.5/firebase.js]
[fast.ay9.dev/stc.html]
[fast.ay9.dev/img/stc.png]
[fast.ay9.dev/zain.html]
[fast.ay9.dev/img/zain.png]
[fast.ay9.dev/mobily.html]
[fast.ay9.dev/img/mobily.png]
[fast.ay9.dev/salam.html]
[fast.ay9.dev/img/salam.png]
[fast.ay9.dev/go.html]
[fast.ay9.dev/img/go.png]
[fast.ay9.dev/qa-ooredoo.html]
[fast.ay9.dev/img/qa-ooredoo.svg]
[fast.ay9.dev/qa-vodafone.html]
[fast.ay9.dev/img/qa-vodafone.webp]
[fast.ay9.dev/config.js]
[fast.ay9.dev/home.js]
[fast.ay9.dev/v.js]
[fast.ay9.dev/index.html]
[fast.ay9.dev/styles.css]
[fast.ay9.dev/home.css]
[fast.ay9.dev/cards.css]
[cdnjs.cloudflare.com/ajax/libs/font-awesome/6.0.0/css/all.min.css]
[fonts.googleapis.com/css20ad5.css]
[fast.ay9.dev/stc.js]
[fast.ay9.dev/v2.js]
[fast.ay9.dev/stc.html]
[fast.ay9.dev/zain.html]
[fast.ay9.dev/zain.js]
[fast.ay9.dev/mobily.html]
[fast.ay9.dev/mobily.js]
[fast.ay9.dev/salam.html]
[fast.ay9.dev/salam.js]
[fast.ay9.dev/go.html]
[fast.ay9.dev/go.js]
[fast.ay9.dev/qa-ooredoo.html]
[fast.ay9.dev/img/qa-ooredoo.svg]
[fast.ay9.dev/qa-ooredoo.js]
[fast.ay9.dev/qa-vodafone.html]
[fast.ay9.dev/qa-vodafone.js]
